{
  "version": "1.5.0",
  "plugins_used": [
    {
      "name": "ArtifactoryDetector"
    },
    {
      "name": "AWSKeyDetector"
    },
    {
      "name": "AzureStorageKeyDetector"
    },
    {
      "name": "Base64HighEntropyString",
      "limit": 4.5
    },
    {
      "name": "BasicAuthDetector"
    },
    {
      "name": "CloudantDetector"
    },
    {
      "name": "DiscordBotTokenDetector"
    },
    {
      "name": "GitHubTokenDetector"
    },
    {
      "name": "GitLabTokenDetector"
    },
    {
      "name": "HexHighEntropyString",
      "limit": 3.0
    },
    {
      "name": "IbmCloudIamDetector"
    },
    {
      "name": "IbmCosHmacDetector"
    },
    {
      "name": "IPPublicDetector"
    },
    {
      "name": "JwtTokenDetector"
    },
    {
      "name": "KeywordDetector",
      "keyword_exclude": ""
    },
    {
      "name": "MailchimpDetector"
    },
    {
      "name": "NpmDetector"
    },
    {
      "name": "OpenAIDetector"
    },
    {
      "name": "PrivateKeyDetector"
    },
    {
      "name": "PypiTokenDetector"
    },
    {
      "name": "SendGridDetector"
    },
    {
      "name": "SlackDetector"
    },
    {
      "name": "SoftlayerDetector"
    },
    {
      "name": "SquareOAuthDetector"
    },
    {
      "name": "StripeDetector"
    },
    {
      "name": "TelegramBotTokenDetector"
    },
    {
      "name": "TwilioKeyDetector"
    }
  ],
  "filters_used": [
    {
      "path": "detect_secrets.filters.allowlist.is_line_allowlisted"
    },
    {
      "path": "detect_secrets.filters.common.is_ignored_due_to_verification_policies",
      "min_level": 2
    },
    {
      "path": "detect_secrets.filters.heuristic.is_indirect_reference"
    },
    {
      "path": "detect_secrets.filters.heuristic.is_likely_id_string"
    },
    {
      "path": "detect_secrets.filters.heuristic.is_lock_file"
    },
    {
      "path": "detect_secrets.filters.heuristic.is_not_alphanumeric_string"
    },
    {
      "path": "detect_secrets.filters.heuristic.is_potential_uuid"
    },
    {
      "path": "detect_secrets.filters.heuristic.is_prefixed_with_dollar_sign"
    },
    {
      "path": "detect_secrets.filters.heuristic.is_sequential_string"
    },
    {
      "path": "detect_secrets.filters.heuristic.is_swagger_file"
    },
    {
      "path": "detect_secrets.filters.heuristic.is_templated_secret"
    }
  ],
  "results": {
    "website/node_modules/.package-lock.json": [
      {
        "type": "Base64 High Entropy String",
        "filename": "website/node_modules/.package-lock.json",
        "hashed_secret": "7c895ee9a3f8941965d7cf8184bc4f67428573aa",
        "is_verified": false,
        "line_number": 10
      },
      {
        "type": "Base64 High Entropy String",
        "filename": "website/node_modules/.package-lock.json",
        "hashed_secret": "6dbfbe8df3b1a85e60c72b5fdf5f016aff51c7b4",
        "is_verified": false,
        "line_number": 20
      },
      {
        "type": "Base64 High Entropy String",
        "filename": "website/node_modules/.package-lock.json",
        "hashed_secret": "8cf839c0dcc3f88addc38b0b2f2245c32277f239",
        "is_verified": false,
        "line_number": 40
      },
      {
        "type": "Base64 High Entropy String",
        "filename": "website/node_modules/.package-lock.json",
        "hashed_secret": "bef68af5091abf3bd912b28fd2f8b438426dd79d",
        "is_verified": false,
        "line_number": 47
      },
      {
        "type": "Base64 High Entropy String",
        "filename": "website/node_modules/.package-lock.json",
        "hashed_secret": "16fa3bfaeef78e32910c87baf9060e51490d09ad",
        "is_verified": false,
        "line_number": 57
      },
      {
        "type": "Base64 High Entropy String",
        "filename": "website/node_modules/.package-lock.json",
        "hashed_secret": "432730c731e24c084f98525d5e133e358dc47b2f",
        "is_verified": false,
        "line_number": 75
      },
      {
        "type": "Base64 High Entropy String",
        "filename": "website/node_modules/.package-lock.json",
        "hashed_secret": "5f3d1367a38ac4e76290f44b6dc26d3555bbabf5",
        "is_verified": false,
        "line_number": 105
      },
      {
        "type": "Base64 High Entropy String",
        "filename": "website/node_modules/.package-lock.json",
        "hashed_secret": "ca13874532c9df50a570a36576667e2bbd4383bc",
        "is_verified": false,
        "line_number": 129
      },
      {
        "type": "Base64 High Entropy String",
        "filename": "website/node_modules/.package-lock.json",
        "hashed_secret": "4439cc784aca22e5cdf33ed6656f5b8b99eaa44d",
        "is_verified": false,
        "line_number": 148
      },
      {
        "type": "Base64 High Entropy String",
        "filename": "website/node_modules/.package-lock.json",
        "hashed_secret": "06477f13a769300ebac81ebe76739fb78432f564",
        "is_verified": false,
        "line_number": 155
      },
      {
        "type": "Base64 High Entropy String",
        "filename": "website/node_modules/.package-lock.json",
        "hashed_secret": "15fe871ffc303bd4cf6edbc775f1af448c258e69",
        "is_verified": false,
        "line_number": 168
      },
      {
        "type": "Base64 High Entropy String",
        "filename": "website/node_modules/.package-lock.json",
        "hashed_secret": "7db8d6d3e310f19448f25e31cd8be5afc0fac2d8",
        "is_verified": false,
        "line_number": 197
      },
      {
        "type": "Base64 High Entropy String",
        "filename": "website/node_modules/.package-lock.json",
        "hashed_secret": "336d02c1e7195c5237197b5884304099ab15c6ba",
        "is_verified": false,
        "line_number": 231
      },
      {
        "type": "Base64 High Entropy String",
        "filename": "website/node_modules/.package-lock.json",
        "hashed_secret": "3bea92b9f6fb799774c52db9b38668949e60a65f",
        "is_verified": false,
        "line_number": 241
      },
      {
        "type": "Base64 High Entropy String",
        "filename": "website/node_modules/.package-lock.json",
        "hashed_secret": "2dcf6d5db652c382a17441010bb26cff6ae9beb6",
        "is_verified": false,
        "line_number": 258
      }
    ],
    "website/node_modules/nanoid/non-secure/index.cjs": [
      {
        "type": "Base64 High Entropy String",
        "filename": "website/node_modules/nanoid/non-secure/index.cjs",
        "hashed_secret": "fd01517f059af4e882624f96d0ba9934dddd6e43",
        "is_verified": false,
        "line_number": 8
      }
    ],
    "website/node_modules/nanoid/non-secure/index.js": [
      {
        "type": "Base64 High Entropy String",
        "filename": "website/node_modules/nanoid/non-secure/index.js",
        "hashed_secret": "fd01517f059af4e882624f96d0ba9934dddd6e43",
        "is_verified": false,
        "line_number": 2
      }
    ],
    "website/node_modules/nanoid/url-alphabet/index.cjs": [
      {
        "type": "Base64 High Entropy String",
        "filename": "website/node_modules/nanoid/url-alphabet/index.cjs",
        "hashed_secret": "fd01517f059af4e882624f96d0ba9934dddd6e43",
        "is_verified": false,
        "line_number": 5
      }
    ],
    "website/node_modules/nanoid/url-alphabet/index.js": [
      {
        "type": "Base64 High Entropy String",
        "filename": "website/node_modules/nanoid/url-alphabet/index.js",
        "hashed_secret": "fd01517f059af4e882624f96d0ba9934dddd6e43",
        "is_verified": false,
        "line_number": 2
      }
    ],
    "website/node_modules/vite/dist/client/client.mjs": [
      {
        "type": "Base64 High Entropy String",
        "filename": "website/node_modules/vite/dist/client/client.mjs",
        "hashed_secret": "fd01517f059af4e882624f96d0ba9934dddd6e43",
        "is_verified": false,
        "line_number": 224
      }
    ],
    "website/node_modules/vite/dist/node/chunks/build2.js": [
      {
        "type": "Base64 High Entropy String",
        "filename": "website/node_modules/vite/dist/node/chunks/build2.js",
        "hashed_secret": "c84f72b503d228647605a5da89265aca2a4d4fc2",
        "is_verified": false,
        "line_number": 1325
      },
      {
        "type": "Base64 High Entropy String",
        "filename": "website/node_modules/vite/dist/node/chunks/build2.js",
        "hashed_secret": "cebeedf6617375197d482c0b3e6f37a71741cbc9",
        "is_verified": false,
        "line_number": 1376
      },
      {
        "type": "Base64 High Entropy String",
        "filename": "website/node_modules/vite/dist/node/chunks/build2.js",
        "hashed_secret": "a5202d3272abd5992c599881e6619d0ab187c5fe",
        "is_verified": false,
        "line_number": 1453
      },
      {
        "type": "Base64 High Entropy String",
        "filename": "website/node_modules/vite/dist/node/chunks/build2.js",
        "hashed_secret": "5560bb76f3d252d73b49b96977abf7c72e11bf78",
        "is_verified": false,
        "line_number": 1455
      },
      {
        "type": "Base64 High Entropy String",
        "filename": "website/node_modules/vite/dist/node/chunks/build2.js",
        "hashed_secret": "2f114d79eeed9519b567d87af56322d2b4ec7f16",
        "is_verified": false,
        "line_number": 1457
      },
      {
        "type": "Base64 High Entropy String",
        "filename": "website/node_modules/vite/dist/node/chunks/build2.js",
        "hashed_secret": "c5bdf4e413b9114ded6ce852c4992e147744b88b",
        "is_verified": false,
        "line_number": 1459
      }
    ],
    "website/node_modules/vite/dist/node/chunks/node.js": [
      {
        "type": "Base64 High Entropy String",
        "filename": "website/node_modules/vite/dist/node/chunks/node.js",
        "hashed_secret": "c2c8002d50715475a1f593d36f386b7d71f2bfe1",
        "is_verified": false,
        "line_number": 3645
      }
    ],
    "website/node_modules/vite/dist/node/module-runner.js": [
      {
        "type": "Base64 High Entropy String",
        "filename": "website/node_modules/vite/dist/node/module-runner.js",
        "hashed_secret": "fd01517f059af4e882624f96d0ba9934dddd6e43",
        "is_verified": false,
        "line_number": 532
      }
    ]
  },
  "generated_at": "2026-06-12T00:46:21Z"
}
